[0m11:08:48.092035 [debug] [MainThread]: Sending event: {'category': 'dbt', 'action': 'invocation', 'label': 'start', 'context': [<snowplow_tracker.self_describing_json.SelfDescribingJson object at 0x0000023532C735C0>, <snowplow_tracker.self_describing_json.SelfDescribingJson object at 0x0000023530CB85F0>, <snowplow_tracker.self_describing_json.SelfDescribingJson object at 0x00000235325B4C20>]}


============================== 11:08:48.097057 | a1cc20dd-3f50-45d0-95a4-a3a27af0c9d7 ==============================
[0m11:08:48.097057 [info ] [MainThread]: Running with dbt=1.12.4
[0m11:08:48.097057 [debug] [MainThread]: running dbt with arguments {'maximum_seed_size_mib': '1', 'no_print': 'None', 'static_parser': 'True', 'warn_error_options': 'WarnErrorOptionsV2(error=[], warn=[], silence=[])', 'version_check': 'True', 'target_path': 'None', 'printer_width': '80', 'write_json': 'True', 'introspect': 'True', 'log_cache_events': 'False', 'empty': 'None', 'cache_selected_only': 'False', 'fail_fast': 'False', 'debug': 'False', 'log_format': 'default', 'partial_parse': 'True', 'send_anonymous_usage_stats': 'True', 'quiet': 'False', 'warn_error': 'None', 'profiles_dir': 'C:\\Users\\Zaheer Alam\\.dbt', 'indirect_selection': 'eager', 'hints_enabled': 'True', 'use_colors': 'True', 'use_experimental_parser': 'False', 'invocation_command': 'dbt init', 'log_path': 'logs'}
[0m11:08:51.929116 [debug] [MainThread]: Starter project path: C:\Users\Zaheer Alam\Desktop\all files\AWS_DBT_Snowflake\.venv\Lib\site-packages\dbt\include\starter_project
[0m11:08:51.950500 [info ] [MainThread]: Setting up your profile.
[0m11:08:59.210006 [debug] [MainThread]: Snowflake adapter: Setting snowflake.connector to ERROR (file logging only)
[0m11:08:59.211007 [debug] [MainThread]: Snowflake adapter: Setting botocore to ERROR (file logging only)
[0m11:08:59.211509 [debug] [MainThread]: Snowflake adapter: Setting boto3 to ERROR (file logging only)
[0m11:13:33.536031 [info ] [MainThread]: Profile aws_dbt_snowflake_project written to C:\Users\Zaheer Alam\.dbt\profiles.yml using target's profile_template.yml and your supplied values.
[0m11:13:33.588588 [info ] [MainThread]: Running dbt debug to validate the project...
[0m11:13:33.593595 [info ] [MainThread]: dbt version: 1.12.4
[0m11:13:33.593595 [info ] [MainThread]: python version: 3.12.10
[0m11:13:33.593595 [info ] [MainThread]: python path: C:\Users\Zaheer Alam\Desktop\all files\AWS_DBT_Snowflake\.venv\Scripts\python.exe
[0m11:13:33.593595 [info ] [MainThread]: os info: Windows-10-10.0.19045-SP0
[0m11:13:33.661471 [info ] [MainThread]: Using profiles dir at C:\Users\Zaheer Alam\.dbt
[0m11:13:33.661471 [info ] [MainThread]: Using profiles.yml file at C:\Users\Zaheer Alam\.dbt\profiles.yml
[0m11:13:33.661471 [info ] [MainThread]: Using dbt_project.yml file at C:\Users\Zaheer Alam\Desktop\all files\AWS_DBT_Snowflake\aws_dbt_snowflake_project\dbt_project.yml
[0m11:13:33.661471 [info ] [MainThread]: adapter type: snowflake
[0m11:13:33.666472 [info ] [MainThread]: adapter version: 1.12.0
[0m11:13:33.773982 [info ] [MainThread]: Configuration:
[0m11:13:33.774963 [info ] [MainThread]:   profiles.yml file [[32mOK found and valid[0m]
[0m11:13:33.774963 [info ] [MainThread]:   dbt_project.yml file [[32mOK found and valid[0m]
[0m11:13:33.775981 [info ] [MainThread]: Required dependencies:
[0m11:13:33.775981 [debug] [MainThread]: Executing "git --help"
[0m11:13:33.821732 [debug] [MainThread]: STDOUT: "b"usage: git [-v | --version] [-h | --help] [-C <path>] [-c <name>=<value>]\n           [--exec-path[=<path>]] [--html-path] [--man-path] [--info-path]\n           [-p | --paginate | -P | --no-pager] [--no-replace-objects] [--no-lazy-fetch]\n           [--no-optional-locks] [--no-advice] [--bare] [--git-dir=<path>]\n           [--work-tree=<path>] [--namespace=<name>] [--config-env=<name>=<envvar>]\n           <command> [<args>]\n\nThese are common Git commands used in various situations:\n\nstart a working area (see also: git help tutorial)\n   clone      Clone a repository into a new directory\n   init       Create an empty Git repository or reinitialize an existing one\n\nwork on the current change (see also: git help everyday)\n   add        Add file contents to the index\n   mv         Move or rename a file, a directory, or a symlink\n   restore    Restore working tree files\n   rm         Remove files from the working tree and from the index\n\nexamine the history and state (see also: git help revisions)\n   bisect     Use binary search to find the commit that introduced a bug\n   diff       Show changes between commits, commit and working tree, etc\n   grep       Print lines matching a pattern\n   log        Show commit logs\n   show       Show various types of objects\n   status     Show the working tree status\n\ngrow, mark and tweak your common history\n   backfill   Download missing objects in a partial clone\n   branch     List, create, or delete branches\n   commit     Record changes to the repository\n   history    EXPERIMENTAL: Rewrite history\n   merge      Join two or more development histories together\n   rebase     Reapply commits on top of another base tip\n   reset      Set `HEAD` or the index to a known state\n   switch     Switch branches\n   tag        Create, list, delete or verify tags\n\ncollaborate (see also: git help workflows)\n   fetch      Download objects and refs from another repository\n   pull       Fetch from and integrate with another repository or a local branch\n   push       Update remote refs along with associated objects\n\n'git help -a' and 'git help -g' list available subcommands and some\nconcept guides. See 'git help <command>' or 'git help <concept>'\nto read about a specific subcommand or concept.\nSee 'git help git' for an overview of the system.\n""
[0m11:13:33.821732 [debug] [MainThread]: STDERR: "b''"
[0m11:13:33.826736 [info ] [MainThread]:  - git [[32mOK found[0m]

[0m11:13:33.826736 [info ] [MainThread]: Connection:
[0m11:13:33.826736 [info ] [MainThread]:   account: ZLLJZSV-EC64096
[0m11:13:33.826736 [info ] [MainThread]:   user: ZAHEER4951
[0m11:13:33.826736 [info ] [MainThread]:   database: AIRBNB
[0m11:13:33.826736 [info ] [MainThread]:   warehouse: COMPUTE_WH
[0m11:13:33.826736 [info ] [MainThread]:   role: ACCOUNTADMIN
[0m11:13:33.826736 [info ] [MainThread]:   schema: dbt_schema
[0m11:13:33.826736 [info ] [MainThread]:   authenticator: None
[0m11:13:33.826736 [info ] [MainThread]:   oauth_client_id: None
[0m11:13:33.826736 [info ] [MainThread]:   query_tag: None
[0m11:13:33.831726 [info ] [MainThread]:   client_session_keep_alive: False
[0m11:13:33.831726 [info ] [MainThread]:   host: None
[0m11:13:33.831726 [info ] [MainThread]:   port: None
[0m11:13:33.831726 [info ] [MainThread]:   proxy_host: None
[0m11:13:33.831726 [info ] [MainThread]:   proxy_port: None
[0m11:13:33.831726 [info ] [MainThread]:   protocol: None
[0m11:13:33.834278 [info ] [MainThread]:   connect_retries: 1
[0m11:13:33.835275 [info ] [MainThread]:   connect_timeout: None
[0m11:13:33.835275 [info ] [MainThread]:   retry_on_database_errors: False
[0m11:13:33.835275 [info ] [MainThread]:   retry_all: False
[0m11:13:33.836274 [info ] [MainThread]:   insecure_mode: False
[0m11:13:33.836274 [info ] [MainThread]:   reuse_connections: True
[0m11:13:33.837622 [info ] [MainThread]:   s3_stage_vpce_dns_name: None
[0m11:13:33.837622 [info ] [MainThread]:   workload_identity_provider: None
[0m11:13:33.837622 [info ] [MainThread]:   workload_identity_entra_resource: None
[0m11:13:33.837622 [info ] [MainThread]:   platform_detection_timeout_seconds: 0.0
[0m11:13:33.837622 [info ] [MainThread]: Registered adapter: snowflake=1.12.0
[0m11:13:34.137238 [debug] [MainThread]: Acquiring new snowflake connection 'debug'
[0m11:13:34.167270 [debug] [MainThread]: Using snowflake connection "debug"
[0m11:13:34.167270 [debug] [MainThread]: On debug: select 1 as id
[0m11:13:34.167270 [debug] [MainThread]: Opening a new connection, currently in state init
[0m11:14:17.766157 [debug] [MainThread]: SQL status: SUCCESS 1 in 43.597 seconds
[0m11:14:17.766157 [info ] [MainThread]:   Connection test: [[32mOK connection ok[0m]

[0m11:14:17.766157 [info ] [MainThread]: [32mAll checks passed![0m
[0m11:14:17.771157 [info ] [MainThread]: Your new dbt project "aws_dbt_snowflake_project" was created!
Initialized new project in C:\Users\Zaheer Alam\Desktop\all files\AWS_DBT_Snowflake\aws_dbt_snowflake_project\aws_dbt_snowflake_project

For more information on how to configure the profiles.yml file,
please consult the dbt documentation here:

  https://docs.getdbt.com/docs/configure-your-profile

One more thing:

Need help? Don't hesitate to reach out to us via GitHub issues or on Slack:

  https://community.getdbt.com/

Happy modeling!

[0m11:14:17.771157 [debug] [MainThread]: Command `dbt init` succeeded at 11:14:17.771157 after 329.83 seconds
[0m11:14:17.776417 [debug] [MainThread]: Connection 'debug' was left open.
[0m11:14:17.776417 [debug] [MainThread]: On debug: Close
[0m11:14:18.097624 [debug] [MainThread]: Sending event: {'category': 'dbt', 'action': 'invocation', 'label': 'end', 'context': [<snowplow_tracker.self_describing_json.SelfDescribingJson object at 0x0000023532D639E0>, <snowplow_tracker.self_describing_json.SelfDescribingJson object at 0x00000235358989E0>, <snowplow_tracker.self_describing_json.SelfDescribingJson object at 0x0000023535F0D3A0>]}
[0m11:14:18.097624 [debug] [MainThread]: Flushing usage events
[0m11:14:20.602891 [debug] [MainThread]: An error was encountered while trying to flush usage events
[0m11:23:12.489547 [debug] [MainThread]: Sending event: {'category': 'dbt', 'action': 'invocation', 'label': 'start', 'context': [<snowplow_tracker.self_describing_json.SelfDescribingJson object at 0x000001FDDBB00710>, <snowplow_tracker.self_describing_json.SelfDescribingJson object at 0x000001FDDA004A70>, <snowplow_tracker.self_describing_json.SelfDescribingJson object at 0x000001FDD40D8E00>]}


============================== 11:23:12.500807 | b9f11845-26c1-4225-88d4-f94363be2342 ==============================
[0m11:23:12.500807 [info ] [MainThread]: Running with dbt=1.12.4
[0m11:23:12.500807 [debug] [MainThread]: running dbt with arguments {'version_check': 'True', 'no_print': 'None', 'maximum_seed_size_mib': '1', 'target_path': 'None', 'static_parser': 'True', 'warn_error_options': 'WarnErrorOptionsV2(error=[], warn=[], silence=[])', 'printer_width': '80', 'write_json': 'True', 'empty': 'None', 'log_cache_events': 'False', 'introspect': 'True', 'cache_selected_only': 'False', 'fail_fast': 'False', 'debug': 'False', 'log_format': 'default', 'partial_parse': 'True', 'send_anonymous_usage_stats': 'True', 'quiet': 'False', 'warn_error': 'None', 'profiles_dir': 'C:\\Users\\Zaheer Alam\\.dbt', 'invocation_command': 'dbt debug', 'hints_enabled': 'True', 'use_colors': 'True', 'use_experimental_parser': 'False', 'indirect_selection': 'eager', 'log_path': 'logs'}
[0m11:23:12.573660 [info ] [MainThread]: dbt version: 1.12.4
[0m11:23:12.573660 [info ] [MainThread]: python version: 3.12.10
[0m11:23:12.573660 [info ] [MainThread]: python path: C:\Users\Zaheer Alam\Desktop\all files\AWS_DBT_Snowflake\.venv\Scripts\python.exe
[0m11:23:12.573660 [info ] [MainThread]: os info: Windows-10-10.0.19045-SP0
[0m11:23:14.173630 [debug] [MainThread]: Snowflake adapter: Setting snowflake.connector to ERROR (file logging only)
[0m11:23:14.173630 [debug] [MainThread]: Snowflake adapter: Setting botocore to ERROR (file logging only)
[0m11:23:14.173630 [debug] [MainThread]: Snowflake adapter: Setting boto3 to ERROR (file logging only)
[0m11:23:14.473245 [info ] [MainThread]: Using profiles dir at C:\Users\Zaheer Alam\.dbt
[0m11:23:14.478230 [info ] [MainThread]: Using profiles.yml file at C:\Users\Zaheer Alam\.dbt\profiles.yml
[0m11:23:14.478230 [info ] [MainThread]: Using dbt_project.yml file at C:\Users\Zaheer Alam\Desktop\all files\AWS_DBT_Snowflake\dbt_project.yml
[0m11:23:14.478230 [info ] [MainThread]: adapter type: snowflake
[0m11:23:14.478230 [info ] [MainThread]: adapter version: 1.12.0
[0m11:23:14.484775 [info ] [MainThread]: Configuration:
[0m11:23:14.484775 [info ] [MainThread]:   profiles.yml file [[32mOK found and valid[0m]
[0m11:23:14.484775 [info ] [MainThread]:   dbt_project.yml file [[31mERROR not found[0m]
[0m11:23:14.484775 [info ] [MainThread]: Required dependencies:
[0m11:23:14.489804 [debug] [MainThread]: Executing "git --help"
[0m11:23:14.622945 [debug] [MainThread]: STDOUT: "b"usage: git [-v | --version] [-h | --help] [-C <path>] [-c <name>=<value>]\n           [--exec-path[=<path>]] [--html-path] [--man-path] [--info-path]\n           [-p | --paginate | -P | --no-pager] [--no-replace-objects] [--no-lazy-fetch]\n           [--no-optional-locks] [--no-advice] [--bare] [--git-dir=<path>]\n           [--work-tree=<path>] [--namespace=<name>] [--config-env=<name>=<envvar>]\n           <command> [<args>]\n\nThese are common Git commands used in various situations:\n\nstart a working area (see also: git help tutorial)\n   clone      Clone a repository into a new directory\n   init       Create an empty Git repository or reinitialize an existing one\n\nwork on the current change (see also: git help everyday)\n   add        Add file contents to the index\n   mv         Move or rename a file, a directory, or a symlink\n   restore    Restore working tree files\n   rm         Remove files from the working tree and from the index\n\nexamine the history and state (see also: git help revisions)\n   bisect     Use binary search to find the commit that introduced a bug\n   diff       Show changes between commits, commit and working tree, etc\n   grep       Print lines matching a pattern\n   log        Show commit logs\n   show       Show various types of objects\n   status     Show the working tree status\n\ngrow, mark and tweak your common history\n   backfill   Download missing objects in a partial clone\n   branch     List, create, or delete branches\n   commit     Record changes to the repository\n   history    EXPERIMENTAL: Rewrite history\n   merge      Join two or more development histories together\n   rebase     Reapply commits on top of another base tip\n   reset      Set `HEAD` or the index to a known state\n   switch     Switch branches\n   tag        Create, list, delete or verify tags\n\ncollaborate (see also: git help workflows)\n   fetch      Download objects and refs from another repository\n   pull       Fetch from and integrate with another repository or a local branch\n   push       Update remote refs along with associated objects\n\n'git help -a' and 'git help -g' list available subcommands and some\nconcept guides. See 'git help <command>' or 'git help <concept>'\nto read about a specific subcommand or concept.\nSee 'git help git' for an overview of the system.\n""
[0m11:23:14.622945 [debug] [MainThread]: STDERR: "b''"
[0m11:23:14.622945 [info ] [MainThread]:  - git [[32mOK found[0m]

[0m11:23:14.622945 [info ] [MainThread]: Connection:
[0m11:23:14.622945 [info ] [MainThread]:   account: ZLLJZSV-EC64096
[0m11:23:14.627928 [info ] [MainThread]:   user: ZAHEER4951
[0m11:23:14.627928 [info ] [MainThread]:   database: AIRBNB
[0m11:23:14.627928 [info ] [MainThread]:   warehouse: COMPUTE_WH
[0m11:23:14.627928 [info ] [MainThread]:   role: ACCOUNTADMIN
[0m11:23:14.632927 [info ] [MainThread]:   schema: dbt_schema
[0m11:23:14.634910 [info ] [MainThread]:   authenticator: None
[0m11:23:14.636121 [info ] [MainThread]:   oauth_client_id: None
[0m11:23:14.637885 [info ] [MainThread]:   query_tag: None
[0m11:23:14.639664 [info ] [MainThread]:   client_session_keep_alive: False
[0m11:23:14.641649 [info ] [MainThread]:   host: None
[0m11:23:14.643398 [info ] [MainThread]:   port: None
[0m11:23:14.644560 [info ] [MainThread]:   proxy_host: None
[0m11:23:14.646342 [info ] [MainThread]:   proxy_port: None
[0m11:23:14.646342 [info ] [MainThread]:   protocol: None
[0m11:23:14.646342 [info ] [MainThread]:   connect_retries: 1
[0m11:23:14.651362 [info ] [MainThread]:   connect_timeout: None
[0m11:23:14.651362 [info ] [MainThread]:   retry_on_database_errors: False
[0m11:23:14.651362 [info ] [MainThread]:   retry_all: False
[0m11:23:14.656350 [info ] [MainThread]:   insecure_mode: False
[0m11:23:14.656350 [info ] [MainThread]:   reuse_connections: True
[0m11:23:14.656350 [info ] [MainThread]:   s3_stage_vpce_dns_name: None
[0m11:23:14.661350 [info ] [MainThread]:   workload_identity_provider: None
[0m11:23:14.661350 [info ] [MainThread]:   workload_identity_entra_resource: None
[0m11:23:14.661350 [info ] [MainThread]:   platform_detection_timeout_seconds: 0.0
[0m11:23:14.661350 [info ] [MainThread]: Registered adapter: snowflake=1.12.0
[0m11:23:15.348213 [debug] [MainThread]: Acquiring new snowflake connection 'debug'
[0m11:23:15.353178 [debug] [MainThread]: Using snowflake connection "debug"
[0m11:23:15.353178 [debug] [MainThread]: On debug: select 1 as id
[0m11:23:15.358208 [debug] [MainThread]: Opening a new connection, currently in state init
[0m11:23:16.995173 [debug] [MainThread]: SQL status: SUCCESS 1 in 1.640 seconds
[0m11:23:16.995173 [info ] [MainThread]:   Connection test: [[32mOK connection ok[0m]

[0m11:23:17.000224 [info ] [MainThread]: [31m1 check failed:[0m
[0m11:23:17.000224 [info ] [MainThread]: Project loading failed for the following reason:
 project path <C:\Users\Zaheer Alam\Desktop\all files\AWS_DBT_Snowflake\dbt_project.yml> not found

[0m11:23:17.000224 [debug] [MainThread]: Command `dbt debug` failed at 11:23:17.000224 after 4.96 seconds
[0m11:23:17.005208 [debug] [MainThread]: Connection 'debug' was left open.
[0m11:23:17.005208 [debug] [MainThread]: On debug: Close
[0m11:23:17.331454 [debug] [MainThread]: Sending event: {'category': 'dbt', 'action': 'invocation', 'label': 'end', 'context': [<snowplow_tracker.self_describing_json.SelfDescribingJson object at 0x000001FDDBB00710>, <snowplow_tracker.self_describing_json.SelfDescribingJson object at 0x000001FDDD22FF80>, <snowplow_tracker.self_describing_json.SelfDescribingJson object at 0x000001FDD931FD40>]}
[0m11:23:17.331454 [debug] [MainThread]: Flushing usage events
[0m11:23:20.154140 [debug] [MainThread]: An error was encountered while trying to flush usage events
